#-----------------------------------------------------------
# Vivado v2018.1 (64-bit)
# SW Build 2188600 on Wed Apr  4 18:40:38 MDT 2018
# IP Build 2185939 on Wed Apr  4 20:55:05 MDT 2018
# Start of session at: Sat May  4 13:20:01 2024
# Process ID: 23800
# Current directory: G:/CS1050 - Computer Organization and Digital Design/Labs/Nanoprocessor_Design_Competition/Nanoprocessor_Project/Nanoprocessor_Project.runs/synth_1
# Command line: vivado.exe -log Nanoprocessor.vds -product Vivado -mode batch -messageDb vivado.pb -notrace -source Nanoprocessor.tcl
# Log file: G:/CS1050 - Computer Organization and Digital Design/Labs/Nanoprocessor_Design_Competition/Nanoprocessor_Project/Nanoprocessor_Project.runs/synth_1/Nanoprocessor.vds
# Journal file: G:/CS1050 - Computer Organization and Digital Design/Labs/Nanoprocessor_Design_Competition/Nanoprocessor_Project/Nanoprocessor_Project.runs/synth_1\vivado.jou
#-----------------------------------------------------------
source Nanoprocessor.tcl -notrace
