#-----------------------------------------------------------
# Vivado v2018.1 (64-bit)
# SW Build 2188600 on Wed Apr  4 18:40:38 MDT 2018
# IP Build 2185939 on Wed Apr  4 20:55:05 MDT 2018
# Start of session at: Thu Apr 25 10:46:27 2024
# Process ID: 23060
# Current directory: C:/Users/User/Desktop/Backup NanoP Project/Nanoprocessor_Project
# Command line: vivado.exe -gui_launcher_event rodinguilauncherevent27120 C:\Users\User\Desktop\Backup NanoP Project\Nanoprocessor_Project\Nanoprocessor_Project.xpr
# Log file: C:/Users/User/Desktop/Backup NanoP Project/Nanoprocessor_Project/vivado.log
# Journal file: C:/Users/User/Desktop/Backup NanoP Project/Nanoprocessor_Project\vivado.jou
#-----------------------------------------------------------
start_gui
open_project {C:/Users/User/Desktop/Backup NanoP Project/Nanoprocessor_Project/Nanoprocessor_Project.xpr}
update_compile_order -fileset sources_1
launch_simulation
launch_simulation
source TB_LUT.tcl
close_sim
# Disabling source management mode.  This is to allow the top design properties to be set without GUI intervention.
set_property source_mgmt_mode None [current_project]
set_property top TB_LUT_16_7 [get_filesets sim_1]
set_property top_lib xil_defaultlib [get_filesets sim_1]
# Re-enabling previously disabled source management mode.
set_property source_mgmt_mode All [current_project]
update_compile_order -fileset sim_1
# Disabling source management mode.  This is to allow the top design properties to be set without GUI intervention.
set_property source_mgmt_mode None [current_project]
set_property top TB_LUT [get_filesets sim_1]
set_property top_lib xil_defaultlib [get_filesets sim_1]
# Re-enabling previously disabled source management mode.
set_property source_mgmt_mode All [current_project]
update_compile_order -fileset sim_1
# Disabling source management mode.  This is to allow the top design properties to be set without GUI intervention.
set_property source_mgmt_mode None [current_project]
set_property top LUT_16_7 [current_fileset]
# Re-enabling previously disabled source management mode.
set_property source_mgmt_mode All [current_project]
update_compile_order -fileset sources_1
# Disabling source management mode.  This is to allow the top design properties to be set without GUI intervention.
set_property source_mgmt_mode None [current_project]
set_property top TB_LUT_16_7 [get_filesets sim_1]
set_property top_lib xil_defaultlib [get_filesets sim_1]
# Re-enabling previously disabled source management mode.
set_property source_mgmt_mode All [current_project]
update_compile_order -fileset sim_1
launch_simulation
source TB_LUT_16_7.tcl
# Disabling source management mode.  This is to allow the top design properties to be set without GUI intervention.
set_property source_mgmt_mode None [current_project]
set_property top Nanoprocessor [current_fileset]
# Re-enabling previously disabled source management mode.
set_property source_mgmt_mode All [current_project]
update_compile_order -fileset sources_1
# Disabling source management mode.  This is to allow the top design properties to be set without GUI intervention.
set_property source_mgmt_mode None [current_project]
set_property top TB_Nanoprocessor [get_filesets sim_1]
set_property top_lib xil_defaultlib [get_filesets sim_1]
# Re-enabling previously disabled source management mode.
set_property source_mgmt_mode All [current_project]
update_compile_order -fileset sim_1
launch_simulation
source TB_Nanoprocessor.tcl
close_sim
launch_simulation
source TB_Nanoprocessor.tcl
